[sweep] base=http://localhost:8000  out=docs\qa\runs\user-journey-2026-04-24\pass1  scenarios=16  filter=''
[sweep] (1/16) running UJ1-cafe-startup-강남  turns=4
[sweep] (1/16) UJ1-cafe-startup-강남  5/6 = 83%  PASS  (57.5s)
[sweep] (2/16) running UJ1-restaurant-홍대  turns=4
[sweep] (2/16) UJ1-restaurant-홍대  5/6 = 83%  PASS  (61.4s)
[sweep] (3/16) running UJ1-retail-성수  turns=4
[sweep] (3/16) UJ1-retail-성수  4/5 = 80%  PASS  (57.3s)
[sweep] (4/16) running UJ1-pub-건대  turns=4
[sweep] (4/16) UJ1-pub-건대  3/6 = 50%  FAIL  (66.7s)
[sweep] (5/16) running UJ2-switch-강남-종로  turns=4
[sweep] (5/16) UJ2-switch-강남-종로  5/7 = 71%  FAIL  (54.7s)
[sweep] (6/16) running UJ2-switch-홍대-성수  turns=3
[sweep] (6/16) UJ2-switch-홍대-성수  2/6 = 33%  FAIL  (35.7s)
[sweep] (7/16) running UJ2-switch-명동-남대문  turns=3
[sweep] (7/16) UJ2-switch-명동-남대문  3/4 = 75%  FAIL  (49.3s)
[sweep] (8/16) running UJ2-switch-잠실-신촌  turns=3
[sweep] (8/16) UJ2-switch-잠실-신촌  2/4 = 50%  FAIL  (31.6s)
[sweep] (9/16) running UJ3-3way-major  turns=1
[sweep] (9/16) UJ3-3way-major  6/7 = 86%  PASS  (17.7s)
[sweep] (10/16) running UJ3-3way-retail-hubs  turns=1
[sweep] (10/16) UJ3-3way-retail-hubs  5/6 = 83%  PASS  (13.3s)
[sweep] (11/16) running UJ3-3way-young-picks  turns=1
[sweep] (11/16) UJ3-3way-young-picks  5/6 = 83%  PASS  (12.7s)
[sweep] (12/16) running UJ3-3way-cafe-best  turns=1
[sweep] (12/16) UJ3-3way-cafe-best  6/7 = 86%  PASS  (21.2s)
[sweep] (13/16) running UJ4-full-report-강남  turns=4
[sweep] (13/16) UJ4-full-report-강남  4/5 = 80%  PASS  (89.1s)
[sweep] (14/16) running UJ4-report-from-recommend  turns=4
[sweep] (14/16) UJ4-report-from-recommend  4/5 = 80%  PASS  (59.5s)
[sweep] (15/16) running UJ4-report-from-compare  turns=3
[sweep] (15/16) UJ4-report-from-compare  2/4 = 50%  FAIL  (34.3s)
[sweep] (16/16) running UJ4-long-synthesis  turns=1
[sweep] (16/16) UJ4-long-synthesis  4/6 = 67%  FAIL  (31.7s)
[sweep] done.  docs\qa\runs\user-journey-2026-04-24\pass1/summary.md
