[sweep] base=http://localhost:8000  out=docs\qa\runs\quality-sweep-2026-04-24\pass1  scenarios=107  filter=''
[sweep] (1/107) running A-summary-3120189  turns=1
[sweep] (1/107) A-summary-3120189  10/10 = 100%  PASS  (14.7s)
[sweep] (2/107) running A-summary-3120052  turns=1
[sweep] (2/107) A-summary-3120052  10/10 = 100%  PASS  (18.9s)
[sweep] (3/107) running A-summary-3120053  turns=1
[sweep] (3/107) A-summary-3120053  10/10 = 100%  PASS  (15.2s)
[sweep] (4/107) running A-summary-3120227  turns=1
[sweep] (4/107) A-summary-3120227  10/10 = 100%  PASS  (17.1s)
[sweep] (5/107) running A-summary-3120003  turns=1
[sweep] (5/107) A-summary-3120003  10/10 = 100%  PASS  (17.6s)
[sweep] (6/107) running A-summary-3120094  turns=1
[sweep] (6/107) A-summary-3120094  10/10 = 100%  PASS  (20.3s)
[sweep] (7/107) running A-summary-3120149  turns=1
[sweep] (7/107) A-summary-3120149  10/10 = 100%  PASS  (15.6s)
[sweep] (8/107) running A-summary-3120157  turns=1
[sweep] (8/107) A-summary-3120157  10/10 = 100%  PASS  (14.6s)
[sweep] (9/107) running A-compare-강남역-성수역  turns=1
[sweep] (9/107) A-compare-강남역-성수역  8/8 = 100%  PASS  (13.6s)
[sweep] (10/107) running A-compare-홍대입구-건대입구  turns=1
[sweep] (10/107) A-compare-홍대입구-건대입구  8/8 = 100%  PASS  (14.0s)
[sweep] (11/107) running A-compare-광화문역-종로3가  turns=1
[sweep] (11/107) A-compare-광화문역-종로3가  8/8 = 100%  PASS  (15.1s)
[sweep] (12/107) running A-compare-잠실역-강남역  turns=1
[sweep] (12/107) A-compare-잠실역-강남역  8/8 = 100%  PASS  (17.3s)
[sweep] (13/107) running A-compare-성수역-이태원(  turns=1
[sweep] (13/107) A-compare-성수역-이태원(  8/8 = 100%  PASS  (13.8s)
[sweep] (14/107) running A-compare-신촌역(-홍대입구  turns=1
[sweep] (14/107) A-compare-신촌역(-홍대입구  8/8 = 100%  PASS  (17.5s)
[sweep] (15/107) running A-recommend-3120189  turns=1
[sweep] (15/107) A-recommend-3120189  7/7 = 100%  PASS  (14.2s)
[sweep] (16/107) running A-recommend-3120103  turns=1
[sweep] (16/107) A-recommend-3120103  7/7 = 100%  PASS  (18.3s)
[sweep] (17/107) running A-recommend-3120052  turns=1
[sweep] (17/107) A-recommend-3120052  4/7 = 57%  FAIL  (14.4s)
[sweep] (18/107) running A-recommend-3120053  turns=1
[sweep] (18/107) A-recommend-3120053  7/7 = 100%  PASS  (16.6s)
[sweep] (19/107) running A-recommend-3120227  turns=1
[sweep] (19/107) A-recommend-3120227  7/7 = 100%  PASS  (15.8s)
[sweep] (20/107) running A-risk-3120028  turns=1
[sweep] (20/107) A-risk-3120028  4/6 = 67%  FAIL  (17.1s)
[sweep] (21/107) running A-risk-3120189  turns=1
[sweep] (21/107) A-risk-3120189  6/6 = 100%  PASS  (22.1s)
[sweep] (22/107) running A-risk-3120046  turns=1
[sweep] (22/107) A-risk-3120046  6/6 = 100%  PASS  (16.0s)
[sweep] (23/107) running A-risk-3120103  turns=1
[sweep] (23/107) A-risk-3120103  6/6 = 100%  PASS  (12.0s)
[sweep] (24/107) running A-risk-3120149  turns=1
[sweep] (24/107) A-risk-3120149  6/6 = 100%  PASS  (13.7s)
[sweep] (25/107) running A-sim-3120189-카페  turns=1
[sweep] (25/107) A-sim-3120189-카페  6/7 = 86%  PASS  (13.9s)
[sweep] (26/107) running A-sim-3120103-치킨집  turns=1
[sweep] (26/107) A-sim-3120103-치킨집  5/7 = 71%  FAIL  (14.5s)
[sweep] (27/107) running A-sim-3120053-편의점  turns=1
[sweep] (27/107) A-sim-3120053-편의점  6/7 = 86%  PASS  (15.0s)
[sweep] (28/107) running A-sim-3120052-일반음  turns=1
[sweep] (28/107) A-sim-3120052-일반음  5/7 = 71%  FAIL  (26.8s)
[sweep] (29/107) running A-cat-3120189-한식  turns=1
[sweep] (29/107) A-cat-3120189-한식  5/6 = 83%  PASS  (20.0s)
[sweep] (30/107) running A-cat-3120103-카페  turns=1
[sweep] (30/107) A-cat-3120103-카페  5/6 = 83%  PASS  (22.3s)
[sweep] (31/107) running A-cat-3120052-커피  turns=1
[sweep] (31/107) A-cat-3120052-커피  5/6 = 83%  PASS  (18.9s)
[sweep] (32/107) running A-other-heatmap-pop  turns=1
[sweep] (32/107) A-other-heatmap-pop  4/4 = 100%  PASS  (10.2s)
[sweep] (33/107) running A-other-top-by-age  turns=1
[sweep] (33/107) A-other-top-by-age  4/4 = 100%  PASS  (16.1s)
[sweep] (34/107) running A-other-hourly-pop  turns=1
[sweep] (34/107) A-other-hourly-pop  4/4 = 100%  PASS  (27.2s)
[sweep] (35/107) running A-other-top-sales  turns=1
[sweep] (35/107) A-other-top-sales  4/4 = 100%  PASS  (19.0s)
[sweep] (36/107) running B-2char-3120103  turns=1
[sweep] (36/107) B-2char-3120103  6/6 = 100%  PASS  (19.1s)
[sweep] (37/107) running B-2char-3120052  turns=1
[sweep] (37/107) B-2char-3120052  6/6 = 100%  PASS  (19.4s)
[sweep] (38/107) running B-2char-3120028  turns=1
[sweep] (38/107) B-2char-3120028  6/6 = 100%  PASS  (19.8s)
[sweep] (39/107) running B-2char-3120189  turns=1
[sweep] (39/107) B-2char-3120189  6/6 = 100%  PASS  (17.7s)
[sweep] (40/107) running B-alias-홍대입구  turns=1
[sweep] (40/107) B-alias-홍대입구  5/5 = 100%  PASS  (15.2s)
[sweep] (41/107) running B-alias-건대역  turns=1
[sweep] (41/107) B-alias-건대역  5/5 = 100%  PASS  (15.7s)
[sweep] (42/107) running B-alias-명동역  turns=1
[sweep] (42/107) B-alias-명동역  4/4 = 100%  PASS  (19.1s)
[sweep] (43/107) running B-particle-3120189  turns=1
[sweep] (43/107) B-particle-3120189  5/5 = 100%  PASS  (20.1s)
[sweep] (44/107) running B-particle-3120103  turns=1
[sweep] (44/107) B-particle-3120103  5/5 = 100%  PASS  (20.5s)
[sweep] (45/107) running B-particle-3120052  turns=1
[sweep] (45/107) B-particle-3120052  5/5 = 100%  PASS  (18.3s)
[sweep] (46/107) running B-multi-vs  turns=1
[sweep] (46/107) B-multi-vs  6/6 = 100%  PASS  (12.5s)
[sweep] (47/107) running B-multi-3way  turns=1
[sweep] (47/107) B-multi-3way  5/5 = 100%  PASS  (15.2s)
[sweep] (48/107) running C-unknown-district  turns=1
[sweep] (48/107) C-unknown-district  5/5 = 100%  PASS  (5.7s)
[sweep] (49/107) running C-unknown-category  turns=1
[sweep] (49/107) C-unknown-category  5/5 = 100%  PASS  (18.4s)
[sweep] (50/107) running C-empty  turns=1
[sweep] (50/107) C-empty  4/4 = 100%  PASS  (3.9s)
[sweep] (51/107) running C-exclusion-multi  turns=1
[sweep] (51/107) C-exclusion-multi  6/6 = 100%  PASS  (15.2s)
[sweep] (52/107) running C-exclusion-recommend  turns=1
[sweep] (52/107) C-exclusion-recommend  4/5 = 80%  PASS  (19.5s)
[sweep] (53/107) running C-exclusion-soft  turns=1
[sweep] (53/107) C-exclusion-soft  4/4 = 100%  PASS  (15.6s)
[sweep] (54/107) running C-historical-future  turns=1
[sweep] (54/107) C-historical-future  5/5 = 100%  PASS  (25.4s)
[sweep] (55/107) running C-private-info  turns=1
[sweep] (55/107) C-private-info  4/4 = 100%  PASS  (9.4s)
[sweep] (56/107) running D-typo-1  turns=1
[sweep] (56/107) D-typo-1  5/5 = 100%  PASS  (17.0s)
[sweep] (57/107) running D-typo-2  turns=1
[sweep] (57/107) D-typo-2  3/4 = 75%  FAIL  (8.1s)
[sweep] (58/107) running D-emoji  turns=1
[sweep] (58/107) D-emoji  4/4 = 100%  PASS  (17.8s)
[sweep] (59/107) running D-en-mixed  turns=1
[sweep] (59/107) D-en-mixed  5/5 = 100%  PASS  (20.0s)
[sweep] (60/107) running D-long-input  turns=1
[sweep] (60/107) D-long-input  5/5 = 100%  PASS  (12.4s)
[sweep] (61/107) running D-inject-1  turns=1
[sweep] (61/107) D-inject-1  5/5 = 100%  PASS  (6.6s)
[sweep] (62/107) running D-inject-2  turns=1
[sweep] (62/107) D-inject-2  4/4 = 100%  PASS  (7.6s)
[sweep] (63/107) running D-inject-3  turns=1
[sweep] (63/107) D-inject-3  4/4 = 100%  PASS  (7.6s)
[sweep] (64/107) running D-q-only  turns=1
[sweep] (64/107) D-q-only  4/4 = 100%  PASS  (8.9s)
[sweep] (65/107) running D-emoji-only  turns=1
[sweep] (65/107) D-emoji-only  4/4 = 100%  PASS  (8.8s)
[sweep] (66/107) running E-coref-summary-then-recommend  turns=2
[sweep] (66/107) E-coref-summary-then-recommend  6/6 = 100%  PASS  (27.6s)
[sweep] (67/107) running E-coref-summary-then-risk  turns=2
[sweep] (67/107) E-coref-summary-then-risk  4/5 = 80%  PASS  (32.8s)
[sweep] (68/107) running E-coref-compare-then-pick  turns=2
[sweep] (68/107) E-coref-compare-then-pick  5/5 = 100%  PASS  (22.3s)
[sweep] (69/107) running E-coref-방금  turns=2
[sweep] (69/107) E-coref-방금  4/4 = 100%  PASS  (28.7s)
[sweep] (70/107) running E-coref-동일  turns=2
[sweep] (70/107) E-coref-동일  3/4 = 75%  FAIL  (46.6s)
[sweep] (71/107) running E-coref-위  turns=2
[sweep] (71/107) E-coref-위  6/6 = 100%  PASS  (29.3s)
[sweep] (72/107) running E-coref-3turn  turns=3
[sweep] (72/107) E-coref-3turn  4/4 = 100%  PASS  (39.5s)
[sweep] (73/107) running E-coref-without-anchor  turns=1
[sweep] (73/107) E-coref-without-anchor  5/5 = 100%  PASS  (3.8s)
[sweep] (74/107) running E-coref-그 업종  turns=2
[sweep] (74/107) E-coref-그 업종  3/4 = 75%  FAIL  (23.4s)
[sweep] (75/107) running E-coref-이 지표  turns=2
[sweep] (75/107) E-coref-이 지표  4/4 = 100%  PASS  (16.9s)
[sweep] (76/107) running E-coref-더 자세히  turns=2
[sweep] (76/107) E-coref-더 자세히  4/4 = 100%  PASS  (37.1s)
[sweep] (77/107) running E-coref-pdf  turns=2
[sweep] (77/107) E-coref-pdf  4/4 = 100%  PASS  (25.7s)
[sweep] (78/107) running F-drill-summary-to-compare  turns=2
[sweep] (78/107) F-drill-summary-to-compare  6/6 = 100%  PASS  (28.2s)
[sweep] (79/107) running F-drill-compare-to-recommend  turns=2
[sweep] (79/107) F-drill-compare-to-recommend  4/4 = 100%  PASS  (30.4s)
[sweep] (80/107) running F-drill-recommend-to-sim  turns=2
[sweep] (80/107) F-drill-recommend-to-sim  4/4 = 100%  PASS  (42.2s)
[sweep] (81/107) running F-drill-sim-to-risk  turns=2
[sweep] (81/107) F-drill-sim-to-risk  4/4 = 100%  PASS  (27.4s)
[sweep] (82/107) running F-drill-risk-to-pdf  turns=2
[sweep] (82/107) F-drill-risk-to-pdf  4/4 = 100%  PASS  (29.0s)
[sweep] (83/107) running F-4-step  turns=4
[sweep] (83/107) F-4-step  4/4 = 100%  PASS  (63.2s)
[sweep] (84/107) running F-drill-summary-age  turns=2
[sweep] (84/107) F-drill-summary-age  4/4 = 100%  PASS  (34.0s)
[sweep] (85/107) running F-drill-summary-hour  turns=2
[sweep] (85/107) F-drill-summary-hour  4/4 = 100%  PASS  (25.0s)
[sweep] (86/107) running F-drill-compare-why  turns=2
[sweep] (86/107) F-drill-compare-why  4/4 = 100%  PASS  (29.0s)
[sweep] (87/107) running F-drill-recommend-why  turns=2
[sweep] (87/107) F-drill-recommend-why  4/4 = 100%  PASS  (29.7s)
[sweep] (88/107) running G-switch-district  turns=2
[sweep] (88/107) G-switch-district  3/4 = 75%  FAIL  (28.2s)
[sweep] (89/107) running G-switch-intent  turns=2
[sweep] (89/107) G-switch-intent  4/5 = 80%  PASS  (30.8s)
[sweep] (90/107) running G-switch-then-back  turns=3
[sweep] (90/107) G-switch-then-back  3/4 = 75%  FAIL  (47.2s)
[sweep] (91/107) running G-switch-multi  turns=3
[sweep] (91/107) G-switch-multi  4/4 = 100%  PASS  (47.2s)
[sweep] (92/107) running G-off-topic-then-return  turns=3
[sweep] (92/107) G-off-topic-then-return  4/4 = 100%  PASS  (40.0s)
[sweep] (93/107) running G-role-hint  turns=2
[sweep] (93/107) G-role-hint  4/4 = 100%  PASS  (41.5s)
[sweep] (94/107) running G-budget  turns=2
[sweep] (94/107) G-budget  4/4 = 100%  PASS  (31.6s)
[sweep] (95/107) running G-long-session  turns=5
[sweep] (95/107) G-long-session  4/4 = 100%  PASS  (73.3s)
[sweep] (96/107) running H-pdf-direct  turns=1
[sweep] (96/107) H-pdf-direct  4/4 = 100%  PASS  (9.1s)
[sweep] (97/107) running H-pdf-after-summary  turns=2
[sweep] (97/107) H-pdf-after-summary  4/4 = 100%  PASS  (25.1s)
[sweep] (98/107) running H-pdf-after-compare  turns=2
[sweep] (98/107) H-pdf-after-compare  4/4 = 100%  PASS  (26.1s)
[sweep] (99/107) running H-pdf-after-risk  turns=2
[sweep] (99/107) H-pdf-after-risk  4/4 = 100%  PASS  (24.3s)
[sweep] (100/107) running H-pdf-no-context  turns=1
[sweep] (100/107) H-pdf-no-context  4/4 = 100%  PASS  (9.2s)
[sweep] (101/107) running H-report-synonym  turns=1
[sweep] (101/107) H-report-synonym  4/4 = 100%  PASS  (27.0s)
[sweep] (102/107) running I-preview-trigger  turns=1
[sweep] (102/107) I-preview-trigger  4/4 = 100%  PASS  (17.2s)
[sweep] (103/107) running I-greeting  turns=1
[sweep] (103/107) I-greeting  3/4 = 75%  FAIL  (0.0s)
[sweep] (104/107) running I-help  turns=1
[sweep] (104/107) I-help  4/4 = 100%  PASS  (12.0s)
[sweep] (105/107) running I-role-소상공인  turns=1
[sweep] (105/107) I-role-소상공인  5/5 = 100%  PASS  (17.0s)
[sweep] (106/107) running I-role-투자자  turns=1
[sweep] (106/107) I-role-투자자  5/5 = 100%  PASS  (16.9s)
[sweep] (107/107) running I-role-startup  turns=1
[sweep] (107/107) I-role-startup  4/4 = 100%  PASS  (12.4s)
[sweep] done.  docs\qa\runs\quality-sweep-2026-04-24\pass1/summary.md
